=====================================================
        SYSTEM REPORT - 2024-12-06 09:24:22
=====================================================

--------------- Disk Usage Check ---------------
OK: Disk usage for /usr/lib/modules/5.15.153.1-microsoft-standard-WSL2 is at   0% (Threshold: 80%)
OK: Disk usage for /mnt/wsl        is at   1% (Threshold: 80%)
Warning: Disk usage for /usr/lib/wsl/drivers is at  89% (Threshold: 80%)
OK: Disk usage for /               is at   3% (Threshold: 80%)
OK: Disk usage for /mnt/wslg       is at   1% (Threshold: 80%)
OK: Disk usage for /usr/lib/wsl/lib is at   0% (Threshold: 80%)
OK: Disk usage for /init           is at   1% (Threshold: 80%)
OK: Disk usage for /run            is at   1% (Threshold: 80%)
OK: Disk usage for /run/lock       is at   0% (Threshold: 80%)
OK: Disk usage for /run/shm        is at   0% (Threshold: 80%)
OK: Disk usage for /sys/fs/cgroup  is at   0% (Threshold: 80%)
OK: Disk usage for /mnt/wslg/versions.txt is at   1% (Threshold: 80%)
OK: Disk usage for /mnt/wslg/doc   is at   1% (Threshold: 80%)
Warning: Disk usage for /mnt/c          is at  89% (Threshold: 80%)
Warning: Disk usage for /mnt/d          is at  88% (Threshold: 80%)
OK: Disk usage for /mnt/g          is at  73% (Threshold: 80%)
OK: Disk usage for /run/user/1000  is at   1% (Threshold: 80%)

--------------- CPU Usage Check ---------------
CPU Usage: 2.2% used

--------------- Memory Details ---------------
Total Memory:       3858 MB
Used Memory:        1142 MB (29.60%)
Free Memory:        2221 MB

--------------- Running Processes Check ---------------
Top 5 Processes by CPU Usage:
PID: PID    PPID: PPID   CMD: CMD                  MEM: %MEM  CPU: %CPU 
PID: 1218   PPID: 1      CMD: /usr/bin/java        MEM: -Djava.awt.he CPU: 10.9 
PID: 441    PPID: 1      CMD: /usr/bin/python3     MEM: /usr/bin/m CPU: 1.0  
PID: 782    PPID: 1      CMD: /usr/bin/dockerd     MEM: -H    CPU: fd://
PID: 1      PPID: 0      CMD: /sbin/init           MEM: 0.3   CPU: 0.4  
PID: 460    PPID: 1      CMD: /usr/bin/containerd  MEM: 1.4   CPU: 0.2  

Top 5 Processes by Memory Usage:
PID: PID    PPID: PPID   CMD: CMD                  MEM: %MEM  CPU: %CPU 
PID: 1218   PPID: 1      CMD: /usr/bin/java        MEM: -Djava.awt.he CPU: 10.9 
PID: 782    PPID: 1      CMD: /usr/bin/dockerd     MEM: -H    CPU: fd://
PID: 460    PPID: 1      CMD: /usr/bin/containerd  MEM: 1.4   CPU: 0.2  
PID: 441    PPID: 1      CMD: /usr/bin/python3     MEM: /usr/bin/m CPU: 1.0  
PID: 518    PPID: 1      CMD: /usr/bin/python3     MEM: /usr/share CPU: 0.5  

=====================================================
                   END OF REPORT
=====================================================
